[     141ms] [INFO] %cDownload the React DevTools for a better development experience: https://react.dev/link/react-devtools font-weight:bold @ http://localhost:5174/node_modules/.vite/deps/react-dom_client.js?v=6356ce47:15804
[     228ms] [WARNING] WebSocket connection to 'ws://localhost:5174/ws/audio' failed: WebSocket is closed before the connection is established. @ http://localhost:5174/src/audio/mic.ts:110
[    2016ms] [ERROR] WebSocket connection to 'ws://localhost:5174/ws/audio' failed: Connection closed before receiving a handshake response @ http://localhost:5174/src/audio/mic.ts:38
[    2860ms] [INFO] [events] YAMNet ready {laughter: Array(3), cheering: Array(1), applause: Array(1), music: Array(1), doorbell: Array(1)} @ http://localhost:5174/src/audio/events.ts:91
[    2861ms] [INFO] [events] YAMNet ready {laughter: Array(3), cheering: Array(1), applause: Array(1), music: Array(1), doorbell: Array(1)} @ http://localhost:5174/src/audio/events.ts:91
[   12061ms] [ERROR] React has detected a change in the order of Hooks called by %s. This will lead to bugs and errors if not fixed. For more information, read the Rules of Hooks: https://react.dev/link/rules-of-hooks

   Previous render            Next render
   ------------------------------------------------------
%s   ^^^^^^^^^^^^^^^^^^^^^^^^^^^^^^^^^^^^^^^^^^^^^^^^^^^^^^
 App 1. useReducer                 useReducer
2. useRef                     useRef
3. useState                   useState
4. useState                   useState
5. useState                   useState
6. useState                   useState
7. useState                   useState
8. useState                   useState
9. useCallback                useState
 @ http://localhost:5174/@vite/client:298
[   12073ms] Error: Should have a queue. You are likely calling Hooks conditionally, which is not allowed. (https://react.dev/link/invalid-hook-call)
    at updateReducerImpl (http://localhost:5174/node_modules/.vite/deps/react-dom_client.js?v=6356ce47:4612:30)
    at updateReducer (http://localhost:5174/node_modules/.vite/deps/react-dom_client.js?v=6356ce47:4608:11)
    at Object.useState (http://localhost:5174/node_modules/.vite/deps/react-dom_client.js?v=6356ce47:14576:13)
    at exports.useState (http://localhost:5174/node_modules/.vite/deps/react.js?v=69ee8733:769:31)
    at useSession (http://localhost:5174/src/state/useSession.ts?t=1790410426455:58:50)
    at App (http://localhost:5174/src/App.tsx?t=1790410426452:22:12)
    at Object.react_stack_bottom_frame (http://localhost:5174/node_modules/.vite/deps/react-dom_client.js?v=6356ce47:14142:12)
    at renderWithHooks (http://localhost:5174/node_modules/.vite/deps/react-dom_client.js?v=6356ce47:4400:19)
    at updateFunctionComponent (http://localhost:5174/node_modules/.vite/deps/react-dom_client.js?v=6356ce47:5775:16)
    at beginWork (http://localhost:5174/node_modules/.vite/deps/react-dom_client.js?v=6356ce47:6391:20)
[   12069ms] [WARNING] %s

%s
 An error occurred in the <App> component. Consider adding an error boundary to your tree to customize error handling behavior.
Visit https://react.dev/link/error-boundaries to learn more about error boundaries. @ http://localhost:5174/@vite/client:298
[   15841ms] [INFO] [events] YAMNet ready {laughter: Array(3), cheering: Array(1), applause: Array(1), music: Array(1), doorbell: Array(1)} @ http://localhost:5174/src/audio/events.ts:91
[   15841ms] [INFO] [events] YAMNet ready {laughter: Array(3), cheering: Array(1), applause: Array(1), music: Array(1), doorbell: Array(1)} @ http://localhost:5174/src/audio/events.ts:91
[   15850ms] [WARNING] WebSocket connection to 'ws://localhost:5174/ws/audio' failed: WebSocket is closed before the connection is established. @ http://localhost:5174/src/audio/mic.ts:110
[   18944ms] Error: Should have a queue. You are likely calling Hooks conditionally, which is not allowed. (https://react.dev/link/invalid-hook-call)
    at updateReducerImpl (http://localhost:5174/node_modules/.vite/deps/react-dom_client.js?v=6356ce47:4612:30)
    at updateReducer (http://localhost:5174/node_modules/.vite/deps/react-dom_client.js?v=6356ce47:4608:11)
    at Object.useState (http://localhost:5174/node_modules/.vite/deps/react-dom_client.js?v=6356ce47:14576:13)
    at exports.useState (http://localhost:5174/node_modules/.vite/deps/react.js?v=69ee8733:769:31)
    at App (http://localhost:5174/src/App.tsx?t=1790410433354:28:28)
    at Object.react_stack_bottom_frame (http://localhost:5174/node_modules/.vite/deps/react-dom_client.js?v=6356ce47:14142:12)
    at renderWithHooks (http://localhost:5174/node_modules/.vite/deps/react-dom_client.js?v=6356ce47:4400:19)
    at updateFunctionComponent (http://localhost:5174/node_modules/.vite/deps/react-dom_client.js?v=6356ce47:5775:16)
    at beginWork (http://localhost:5174/node_modules/.vite/deps/react-dom_client.js?v=6356ce47:6391:20)
    at runWithFiberInDEV (http://localhost:5174/node_modules/.vite/deps/react-dom_client.js?v=6356ce47:944:66)
[   18943ms] [WARNING] %s

%s
 An error occurred in the <App> component. Consider adding an error boundary to your tree to customize error handling behavior.
Visit https://react.dev/link/error-boundaries to learn more about error boundaries. @ http://localhost:5174/@vite/client:298
[   19830ms] [INFO] [events] YAMNet ready {laughter: Array(3), cheering: Array(1), applause: Array(1), music: Array(1), doorbell: Array(1)} @ http://localhost:5174/src/audio/events.ts:91
[   19830ms] [INFO] [events] YAMNet ready {laughter: Array(3), cheering: Array(1), applause: Array(1), music: Array(1), doorbell: Array(1)} @ http://localhost:5174/src/audio/events.ts:91
[   19843ms] [WARNING] WebSocket connection to 'ws://localhost:5174/ws/audio' failed: WebSocket is closed before the connection is established. @ http://localhost:5174/src/audio/mic.ts:110
[   31669ms] [INFO] [events] YAMNet ready {laughter: Array(3), cheering: Array(1), applause: Array(1), music: Array(1), doorbell: Array(1)} @ http://localhost:5174/src/audio/events.ts:91
[   37052ms] [ERROR] WebSocket connection to 'ws://localhost:5174/ws/audio' failed: Connection closed before receiving a handshake response @ http://localhost:5174/src/audio/mic.ts:38
[   38056ms] [ERROR] WebSocket connection to 'ws://localhost:5174/ws/audio' failed: Connection closed before receiving a handshake response @ http://localhost:5174/src/audio/mic.ts:38
[   38241ms] [INFO] [events] YAMNet ready {laughter: Array(3), cheering: Array(1), applause: Array(1), music: Array(1), doorbell: Array(1)} @ http://localhost:5174/src/audio/events.ts:91
[   41448ms] [INFO] [events] YAMNet ready {laughter: Array(3), cheering: Array(1), applause: Array(1), music: Array(1), doorbell: Array(1)} @ http://localhost:5174/src/audio/events.ts:91
[   60480ms] [INFO] [events] YAMNet ready {laughter: Array(3), cheering: Array(1), applause: Array(1), music: Array(1), doorbell: Array(1)} @ http://localhost:5174/src/audio/events.ts:91
[   85894ms] [INFO] [events] YAMNet ready {laughter: Array(3), cheering: Array(1), applause: Array(1), music: Array(1), doorbell: Array(1)} @ http://localhost:5174/src/audio/events.ts:91
[   95536ms] [INFO] [events] YAMNet ready {laughter: Array(3), cheering: Array(1), applause: Array(1), music: Array(1), doorbell: Array(1)} @ http://localhost:5174/src/audio/events.ts:91
[   95536ms] [INFO] [events] YAMNet ready {laughter: Array(3), cheering: Array(1), applause: Array(1), music: Array(1), doorbell: Array(1)} @ http://localhost:5174/src/audio/events.ts:91
[   95640ms] [WARNING] WebSocket connection to 'ws://localhost:5174/ws/audio' failed: WebSocket is closed before the connection is established. @ http://localhost:5174/src/audio/mic.ts:110
