[     119ms] [INFO] %cDownload the React DevTools for a better development experience: https://react.dev/link/react-devtools font-weight:bold @ http://localhost:5174/node_modules/.vite/deps/react-dom_client.js?v=6356ce47:15804
[   94253ms] [ERROR] WebSocket connection to 'ws://localhost:5174/ws/audio?role=participant&name=Alex&token=ddb5ada0' failed: HTTP Authentication failed; no valid credentials available @ http://localhost:5174/src/audio/mic.ts:38
[   95258ms] [ERROR] WebSocket connection to 'ws://localhost:5174/ws/audio?role=participant&name=Alex&token=ddb5ada0' failed: HTTP Authentication failed; no valid credentials available @ http://localhost:5174/src/audio/mic.ts:38
[   96764ms] [ERROR] WebSocket connection to 'ws://localhost:5174/ws/audio?role=participant&name=Alex&token=ddb5ada0' failed: HTTP Authentication failed; no valid credentials available @ http://localhost:5174/src/audio/mic.ts:38
[   98769ms] [ERROR] WebSocket connection to 'ws://localhost:5174/ws/audio?role=participant&name=Alex&token=ddb5ada0' failed: HTTP Authentication failed; no valid credentials available @ http://localhost:5174/src/audio/mic.ts:38
[  101277ms] [ERROR] WebSocket connection to 'ws://localhost:5174/ws/audio?role=participant&name=Alex&token=ddb5ada0' failed: HTTP Authentication failed; no valid credentials available @ http://localhost:5174/src/audio/mic.ts:38
[  104284ms] [ERROR] WebSocket connection to 'ws://localhost:5174/ws/audio?role=participant&name=Alex&token=ddb5ada0' failed: HTTP Authentication failed; no valid credentials available @ http://localhost:5174/src/audio/mic.ts:38
[  107793ms] [ERROR] WebSocket connection to 'ws://localhost:5174/ws/audio?role=participant&name=Alex&token=ddb5ada0' failed: HTTP Authentication failed; no valid credentials available @ http://localhost:5174/src/audio/mic.ts:38
[  111800ms] [ERROR] WebSocket connection to 'ws://localhost:5174/ws/audio?role=participant&name=Alex&token=ddb5ada0' failed: HTTP Authentication failed; no valid credentials available @ http://localhost:5174/src/audio/mic.ts:38
[  116313ms] [ERROR] WebSocket connection to 'ws://localhost:5174/ws/audio?role=participant&name=Alex&token=ddb5ada0' failed: HTTP Authentication failed; no valid credentials available @ http://localhost:5174/src/audio/mic.ts:38
[  121334ms] [ERROR] WebSocket connection to 'ws://localhost:5174/ws/audio?role=participant&name=Alex&token=ddb5ada0' failed: HTTP Authentication failed; no valid credentials available @ http://localhost:5174/src/audio/mic.ts:38
[  126348ms] [ERROR] WebSocket connection to 'ws://localhost:5174/ws/audio?role=participant&name=Alex&token=ddb5ada0' failed: HTTP Authentication failed; no valid credentials available @ http://localhost:5174/src/audio/mic.ts:38
[  131357ms] [ERROR] WebSocket connection to 'ws://localhost:5174/ws/audio?role=participant&name=Alex&token=ddb5ada0' failed: HTTP Authentication failed; no valid credentials available @ http://localhost:5174/src/audio/mic.ts:38
[  136369ms] [ERROR] WebSocket connection to 'ws://localhost:5174/ws/audio?role=participant&name=Alex&token=ddb5ada0' failed: HTTP Authentication failed; no valid credentials available @ http://localhost:5174/src/audio/mic.ts:38
[  141385ms] [ERROR] WebSocket connection to 'ws://localhost:5174/ws/audio?role=participant&name=Alex&token=ddb5ada0' failed: HTTP Authentication failed; no valid credentials available @ http://localhost:5174/src/audio/mic.ts:38
[  146408ms] [ERROR] WebSocket connection to 'ws://localhost:5174/ws/audio?role=participant&name=Alex&token=ddb5ada0' failed: HTTP Authentication failed; no valid credentials available @ http://localhost:5174/src/audio/mic.ts:38
[  147038ms] [INFO] %cDownload the React DevTools for a better development experience: https://react.dev/link/react-devtools font-weight:bold @ http://localhost:5174/node_modules/.vite/deps/react-dom_client.js?v=6356ce47:15804
[  155529ms] [ERROR] Failed to load resource: the server responded with a status of 502 (Bad Gateway) @ http://localhost:5174/api/room/verify?token=02a3a852:0
[  156049ms] [ERROR] WebSocket connection to 'ws://localhost:5174/ws/audio?role=participant&name=Alex&token=02a3a852' failed: Connection closed before receiving a handshake response @ http://localhost:5174/src/audio/mic.ts:38
[  156051ms] [ERROR] Failed to load resource: the server responded with a status of 502 (Bad Gateway) @ http://localhost:5174/api/room/verify?token=02a3a852:0
[  190554ms] [ERROR] Failed to load resource: the server responded with a status of 502 (Bad Gateway) @ http://localhost:5174/api/room/verify?token=02a3a852:0
[  191057ms] [ERROR] WebSocket connection to 'ws://localhost:5174/ws/audio?role=participant&name=Alex&token=02a3a852' failed: Connection closed before receiving a handshake response @ http://localhost:5174/src/audio/mic.ts:38
[  191059ms] [ERROR] Failed to load resource: the server responded with a status of 502 (Bad Gateway) @ http://localhost:5174/api/room/verify?token=02a3a852:0
[  192060ms] [ERROR] WebSocket connection to 'ws://localhost:5174/ws/audio?role=participant&name=Alex&token=02a3a852' failed: Connection closed before receiving a handshake response @ http://localhost:5174/src/audio/mic.ts:38
[  192061ms] [ERROR] Failed to load resource: the server responded with a status of 502 (Bad Gateway) @ http://localhost:5174/api/room/verify?token=02a3a852:0
